#
# A fatal error has been detected by the Java Runtime Environment:
#
#  Internal Error (./open/src/hotspot/share/interpreter/oopMapCache.cpp:111), pid=9964, tid=12808
#  Error: ShouldNotReachHere()
#
# JRE version: OpenJDK Runtime Environment (15.0.1+9) (build 15.0.1+9-18)
# Java VM: OpenJDK 64-Bit Server VM (15.0.1+9-18, mixed mode, tiered, compressed oops, g1 gc, windows-amd64)
# No core dump will be written. Minidumps are not enabled by default on client versions of Windows
#
# If you would like to submit a bug report, please visit:
#   https://bugreport.java.com/bugreport/crash.jsp
#

---------------  S U M M A R Y ------------

Command Line: -XX:+ShowCodeDetailsInExceptionMessages -agentlib:jdwp=transport=dt_socket,suspend=y,address=localhost:51430 -ea -javaagent:C:\Users\ccary\eclipse\java-2020-12\eclipse\configuration\org.eclipse.osgi\220\0\.cp\lib\javaagent-shaded.jar -Dfile.encoding=Cp1252 org.eclipse.jdt.internal.junit.runner.RemoteTestRunner -version 3 -port 51429 -testLoaderClass org.eclipse.jdt.internal.junit4.runner.JUnit4TestLoader -loaderpluginname org.eclipse.jdt.junit4.runtime -classNames tests.StudentTests

Host: AMD Ryzen 5 3600X 6-Core Processor             , 12 cores, 15G,  Windows 10 , 64 bit Build 19041 (10.0.19041.804)
Time: Sun Feb 21 16:51:50 2021 Eastern Standard Time elapsed time: 153.047028 seconds (0d 0h 2m 33s)

---------------  T H R E A D  ---------------

Current thread (0x0000023b3dc0f730):  JavaThread "JDWP Transport Listener: dt_socket" daemon [_thread_in_vm, id=12808, stack(0x0000007c29700000,0x0000007c29800000)] _threads_hazard_ptr=0x0000023b3e5f48f0

Stack: [0x0000007c29700000,0x0000007c29800000]
Native frames: (J=compiled Java code, j=interpreted, Vv=VM code, C=native code)
V  [jvm.dll+0x62ae9a]
V  [jvm.dll+0x781389]
V  [jvm.dll+0x782ae3]
V  [jvm.dll+0x7830f7]
V  [jvm.dll+0x2161cc]
V  [jvm.dll+0x216113]
V  [jvm.dll+0x619caa]
V  [jvm.dll+0x619963]
V  [jvm.dll+0x5df038]
V  [jvm.dll+0x7783ef]
V  [jvm.dll+0x4f04b1]
V  [jvm.dll+0x787e95]
V  [jvm.dll+0x4d430a]
V  [jvm.dll+0x49548b]
C  [jdwp.dll+0x796b]


---------------  P R O C E S S  ---------------

Threads class SMR info:
_java_thread_list=0x0000023b3e5f48f0, length=15, elements={
0x0000023b1dd25920, 0x0000023b3d99c020, 0x0000023b3d99c9e0, 0x0000023b3d9bce90,
0x0000023b3d9bd850, 0x0000023b3d9be210, 0x0000023b3d9c4310, 0x0000023b3d9cece0,
0x0000023b3d9e19c0, 0x0000023b3d0fd940, 0x0000023b3dc0f730, 0x0000023b3e168030,
0x0000023b3e170510, 0x0000023b3e1e3540, 0x0000023b3e277120
}

Java Threads: ( => current thread )
  0x0000023b1dd25920 JavaThread "main" [_thread_blocked, id=14288, stack(0x0000007c28700000,0x0000007c28800000)]
  0x0000023b3d99c020 JavaThread "Reference Handler" daemon [_thread_blocked, id=14268, stack(0x0000007c28e00000,0x0000007c28f00000)]
  0x0000023b3d99c9e0 JavaThread "Finalizer" daemon [_thread_blocked, id=13384, stack(0x0000007c28f00000,0x0000007c29000000)]
  0x0000023b3d9bce90 JavaThread "Signal Dispatcher" daemon [_thread_blocked, id=11496, stack(0x0000007c29000000,0x0000007c29100000)]
  0x0000023b3d9bd850 JavaThread "Attach Listener" daemon [_thread_blocked, id=4720, stack(0x0000007c29100000,0x0000007c29200000)]
  0x0000023b3d9be210 JavaThread "Service Thread" daemon [_thread_blocked, id=14252, stack(0x0000007c29200000,0x0000007c29300000)]
  0x0000023b3d9c4310 JavaThread "C2 CompilerThread0" daemon [_thread_blocked, id=18716, stack(0x0000007c29300000,0x0000007c29400000)]
  0x0000023b3d9cece0 JavaThread "C1 CompilerThread0" daemon [_thread_blocked, id=14048, stack(0x0000007c29400000,0x0000007c29500000)]
  0x0000023b3d9e19c0 JavaThread "Sweeper thread" daemon [_thread_blocked, id=10360, stack(0x0000007c29500000,0x0000007c29600000)]
  0x0000023b3d0fd940 JavaThread "Common-Cleaner" daemon [_thread_blocked, id=2264, stack(0x0000007c29600000,0x0000007c29700000)]
=>0x0000023b3dc0f730 JavaThread "JDWP Transport Listener: dt_socket" daemon [_thread_in_vm, id=12808, stack(0x0000007c29700000,0x0000007c29800000)] _threads_hazard_ptr=0x0000023b3e5f48f0
  0x0000023b3e168030 JavaThread "JDWP Event Helper Thread" daemon [_thread_blocked, id=11852, stack(0x0000007c29800000,0x0000007c29900000)]
  0x0000023b3e170510 JavaThread "JDWP Command Reader" daemon [_thread_in_native, id=12688, stack(0x0000007c29900000,0x0000007c29a00000)]
  0x0000023b3e1e3540 JavaThread "Notification Thread" daemon [_thread_blocked, id=1928, stack(0x0000007c29b00000,0x0000007c29c00000)]
  0x0000023b3e277120 JavaThread "ReaderThread" [_thread_in_native, id=17316, stack(0x0000007c29d00000,0x0000007c29e00000)]

Other Threads:
  0x0000023b3d964f70 VMThread "VM Thread" [stack: 0x0000007c28d00000,0x0000007c28e00000] [id=7092]
  0x0000023b3e1e3a10 WatcherThread [stack: 0x0000007c29c00000,0x0000007c29d00000] [id=15508]
  0x0000023b1dd76310 GCTaskThread "GC Thread#0" [stack: 0x0000007c28800000,0x0000007c28900000] [id=13772]
  0x0000023b1dd87bd0 ConcurrentGCThread "G1 Main Marker" [stack: 0x0000007c28900000,0x0000007c28a00000] [id=7836]
  0x0000023b1dd896e0 ConcurrentGCThread "G1 Conc#0" [stack: 0x0000007c28a00000,0x0000007c28b00000] [id=16996]
  0x0000023b3cf8a510 ConcurrentGCThread "G1 Refine#0" [stack: 0x0000007c28b00000,0x0000007c28c00000] [id=12760]
  0x0000023b1ddfe3e0 ConcurrentGCThread "G1 Young RemSet Sampling" [stack: 0x0000007c28c00000,0x0000007c28d00000] [id=7532]

Threads with active compile tasks:

VM state: not at safepoint (normal execution)

VM Mutex/Monitor currently owned by a thread: None

Heap address: 0x0000000700c00000, size: 4084 MB, Compressed Oops mode: Zero based, Oop shift amount: 3
CDS disabled.
Compressed class space mapped at: 0x0000000800000000-0x0000000840000000, size: 1073741824
Narrow klass base: 0x0000000800000000, Narrow klass shift: 0, Narrow klass range: 0x40000000

GC Precious Log:
 CPUs: 12 total, 12 available
 Memory: 16333M
 Large Page Support: Disabled
 NUMA Support: Disabled
 Compressed Oops: Enabled (Zero based)
 Heap Region Size: 2M
 Heap Min Capacity: 8M
 Heap Initial Capacity: 256M
 Heap Max Capacity: 4084M
 Pre-touch: Disabled
 Parallel Workers: 10
 Concurrent Workers: 3
 Concurrent Refinement Workers: 10
 Periodic GC: Disabled

Heap:
 garbage-first heap   total 262144K, used 14336K [0x0000000700c00000, 0x0000000800000000)
  region size 2048K, 8 young (16384K), 0 survivors (0K)
 Metaspace       used 11968K, capacity 12097K, committed 12160K, reserved 1060864K
  class space    used 1075K, capacity 1147K, committed 1152K, reserved 1048576K

Heap Regions: E=young(eden), S=young(survivor), O=old, HS=humongous(starts), HC=humongous(continues), CS=collection set, F=free, OA=open archive, CA=closed archive, TAMS=top-at-mark-start (previous, next)
|   0|0x0000000700c00000, 0x0000000700c00000, 0x0000000700e00000|  0%| F|  |TAMS 0x0000000700c00000, 0x0000000700c00000| Untracked 
|   1|0x0000000700e00000, 0x0000000700e00000, 0x0000000701000000|  0%| F|  |TAMS 0x0000000700e00000, 0x0000000700e00000| Untracked 
|   2|0x0000000701000000, 0x0000000701000000, 0x0000000701200000|  0%| F|  |TAMS 0x0000000701000000, 0x0000000701000000| Untracked 
|   3|0x0000000701200000, 0x0000000701200000, 0x0000000701400000|  0%| F|  |TAMS 0x0000000701200000, 0x0000000701200000| Untracked 
|   4|0x0000000701400000, 0x0000000701400000, 0x0000000701600000|  0%| F|  |TAMS 0x0000000701400000, 0x0000000701400000| Untracked 
|   5|0x0000000701600000, 0x0000000701600000, 0x0000000701800000|  0%| F|  |TAMS 0x0000000701600000, 0x0000000701600000| Untracked 
|   6|0x0000000701800000, 0x0000000701800000, 0x0000000701a00000|  0%| F|  |TAMS 0x0000000701800000, 0x0000000701800000| Untracked 
|   7|0x0000000701a00000, 0x0000000701a00000, 0x0000000701c00000|  0%| F|  |TAMS 0x0000000701a00000, 0x0000000701a00000| Untracked 
|   8|0x0000000701c00000, 0x0000000701c00000, 0x0000000701e00000|  0%| F|  |TAMS 0x0000000701c00000, 0x0000000701c00000| Untracked 
|   9|0x0000000701e00000, 0x0000000701e00000, 0x0000000702000000|  0%| F|  |TAMS 0x0000000701e00000, 0x0000000701e00000| Untracked 
|  10|0x0000000702000000, 0x0000000702000000, 0x0000000702200000|  0%| F|  |TAMS 0x0000000702000000, 0x0000000702000000| Untracked 
|  11|0x0000000702200000, 0x0000000702200000, 0x0000000702400000|  0%| F|  |TAMS 0x0000000702200000, 0x0000000702200000| Untracked 
|  12|0x0000000702400000, 0x0000000702400000, 0x0000000702600000|  0%| F|  |TAMS 0x0000000702400000, 0x0000000702400000| Untracked 
|  13|0x0000000702600000, 0x0000000702600000, 0x0000000702800000|  0%| F|  |TAMS 0x0000000702600000, 0x0000000702600000| Untracked 
|  14|0x0000000702800000, 0x0000000702800000, 0x0000000702a00000|  0%| F|  |TAMS 0x0000000702800000, 0x0000000702800000| Untracked 
|  15|0x0000000702a00000, 0x0000000702a00000, 0x0000000702c00000|  0%| F|  |TAMS 0x0000000702a00000, 0x0000000702a00000| Untracked 
|  16|0x0000000702c00000, 0x0000000702c00000, 0x0000000702e00000|  0%| F|  |TAMS 0x0000000702c00000, 0x0000000702c00000| Untracked 
|  17|0x0000000702e00000, 0x0000000702e00000, 0x0000000703000000|  0%| F|  |TAMS 0x0000000702e00000, 0x0000000702e00000| Untracked 
|  18|0x0000000703000000, 0x0000000703000000, 0x0000000703200000|  0%| F|  |TAMS 0x0000000703000000, 0x0000000703000000| Untracked 
|  19|0x0000000703200000, 0x0000000703200000, 0x0000000703400000|  0%| F|  |TAMS 0x0000000703200000, 0x0000000703200000| Untracked 
|  20|0x0000000703400000, 0x0000000703400000, 0x0000000703600000|  0%| F|  |TAMS 0x0000000703400000, 0x0000000703400000| Untracked 
|  21|0x0000000703600000, 0x0000000703600000, 0x0000000703800000|  0%| F|  |TAMS 0x0000000703600000, 0x0000000703600000| Untracked 
|  22|0x0000000703800000, 0x0000000703800000, 0x0000000703a00000|  0%| F|  |TAMS 0x0000000703800000, 0x0000000703800000| Untracked 
|  23|0x0000000703a00000, 0x0000000703a00000, 0x0000000703c00000|  0%| F|  |TAMS 0x0000000703a00000, 0x0000000703a00000| Untracked 
|  24|0x0000000703c00000, 0x0000000703c00000, 0x0000000703e00000|  0%| F|  |TAMS 0x0000000703c00000, 0x0000000703c00000| Untracked 
|  25|0x0000000703e00000, 0x0000000703e00000, 0x0000000704000000|  0%| F|  |TAMS 0x0000000703e00000, 0x0000000703e00000| Untracked 
|  26|0x0000000704000000, 0x0000000704000000, 0x0000000704200000|  0%| F|  |TAMS 0x0000000704000000, 0x0000000704000000| Untracked 
|  27|0x0000000704200000, 0x0000000704200000, 0x0000000704400000|  0%| F|  |TAMS 0x0000000704200000, 0x0000000704200000| Untracked 
|  28|0x0000000704400000, 0x0000000704400000, 0x0000000704600000|  0%| F|  |TAMS 0x0000000704400000, 0x0000000704400000| Untracked 
|  29|0x0000000704600000, 0x0000000704600000, 0x0000000704800000|  0%| F|  |TAMS 0x0000000704600000, 0x0000000704600000| Untracked 
|  30|0x0000000704800000, 0x0000000704800000, 0x0000000704a00000|  0%| F|  |TAMS 0x0000000704800000, 0x0000000704800000| Untracked 
|  31|0x0000000704a00000, 0x0000000704a00000, 0x0000000704c00000|  0%| F|  |TAMS 0x0000000704a00000, 0x0000000704a00000| Untracked 
|  32|0x0000000704c00000, 0x0000000704c00000, 0x0000000704e00000|  0%| F|  |TAMS 0x0000000704c00000, 0x0000000704c00000| Untracked 
|  33|0x0000000704e00000, 0x0000000704e00000, 0x0000000705000000|  0%| F|  |TAMS 0x0000000704e00000, 0x0000000704e00000| Untracked 
|  34|0x0000000705000000, 0x0000000705000000, 0x0000000705200000|  0%| F|  |TAMS 0x0000000705000000, 0x0000000705000000| Untracked 
|  35|0x0000000705200000, 0x0000000705200000, 0x0000000705400000|  0%| F|  |TAMS 0x0000000705200000, 0x0000000705200000| Untracked 
|  36|0x0000000705400000, 0x0000000705400000, 0x0000000705600000|  0%| F|  |TAMS 0x0000000705400000, 0x0000000705400000| Untracked 
|  37|0x0000000705600000, 0x0000000705600000, 0x0000000705800000|  0%| F|  |TAMS 0x0000000705600000, 0x0000000705600000| Untracked 
|  38|0x0000000705800000, 0x0000000705800000, 0x0000000705a00000|  0%| F|  |TAMS 0x0000000705800000, 0x0000000705800000| Untracked 
|  39|0x0000000705a00000, 0x0000000705a00000, 0x0000000705c00000|  0%| F|  |TAMS 0x0000000705a00000, 0x0000000705a00000| Untracked 
|  40|0x0000000705c00000, 0x0000000705c00000, 0x0000000705e00000|  0%| F|  |TAMS 0x0000000705c00000, 0x0000000705c00000| Untracked 
|  41|0x0000000705e00000, 0x0000000705e00000, 0x0000000706000000|  0%| F|  |TAMS 0x0000000705e00000, 0x0000000705e00000| Untracked 
|  42|0x0000000706000000, 0x0000000706000000, 0x0000000706200000|  0%| F|  |TAMS 0x0000000706000000, 0x0000000706000000| Untracked 
|  43|0x0000000706200000, 0x0000000706200000, 0x0000000706400000|  0%| F|  |TAMS 0x0000000706200000, 0x0000000706200000| Untracked 
|  44|0x0000000706400000, 0x0000000706400000, 0x0000000706600000|  0%| F|  |TAMS 0x0000000706400000, 0x0000000706400000| Untracked 
|  45|0x0000000706600000, 0x0000000706600000, 0x0000000706800000|  0%| F|  |TAMS 0x0000000706600000, 0x0000000706600000| Untracked 
|  46|0x0000000706800000, 0x0000000706800000, 0x0000000706a00000|  0%| F|  |TAMS 0x0000000706800000, 0x0000000706800000| Untracked 
|  47|0x0000000706a00000, 0x0000000706a00000, 0x0000000706c00000|  0%| F|  |TAMS 0x0000000706a00000, 0x0000000706a00000| Untracked 
|  48|0x0000000706c00000, 0x0000000706c00000, 0x0000000706e00000|  0%| F|  |TAMS 0x0000000706c00000, 0x0000000706c00000| Untracked 
|  49|0x0000000706e00000, 0x0000000706e00000, 0x0000000707000000|  0%| F|  |TAMS 0x0000000706e00000, 0x0000000706e00000| Untracked 
|  50|0x0000000707000000, 0x0000000707000000, 0x0000000707200000|  0%| F|  |TAMS 0x0000000707000000, 0x0000000707000000| Untracked 
|  51|0x0000000707200000, 0x0000000707200000, 0x0000000707400000|  0%| F|  |TAMS 0x0000000707200000, 0x0000000707200000| Untracked 
|  52|0x0000000707400000, 0x0000000707400000, 0x0000000707600000|  0%| F|  |TAMS 0x0000000707400000, 0x0000000707400000| Untracked 
|  53|0x0000000707600000, 0x0000000707600000, 0x0000000707800000|  0%| F|  |TAMS 0x0000000707600000, 0x0000000707600000| Untracked 
|  54|0x0000000707800000, 0x0000000707800000, 0x0000000707a00000|  0%| F|  |TAMS 0x0000000707800000, 0x0000000707800000| Untracked 
|  55|0x0000000707a00000, 0x0000000707a00000, 0x0000000707c00000|  0%| F|  |TAMS 0x0000000707a00000, 0x0000000707a00000| Untracked 
|  56|0x0000000707c00000, 0x0000000707c00000, 0x0000000707e00000|  0%| F|  |TAMS 0x0000000707c00000, 0x0000000707c00000| Untracked 
|  57|0x0000000707e00000, 0x0000000707e00000, 0x0000000708000000|  0%| F|  |TAMS 0x0000000707e00000, 0x0000000707e00000| Untracked 
|  58|0x0000000708000000, 0x0000000708000000, 0x0000000708200000|  0%| F|  |TAMS 0x0000000708000000, 0x0000000708000000| Untracked 
|  59|0x0000000708200000, 0x0000000708200000, 0x0000000708400000|  0%| F|  |TAMS 0x0000000708200000, 0x0000000708200000| Untracked 
|  60|0x0000000708400000, 0x0000000708400000, 0x0000000708600000|  0%| F|  |TAMS 0x0000000708400000, 0x0000000708400000| Untracked 
|  61|0x0000000708600000, 0x0000000708600000, 0x0000000708800000|  0%| F|  |TAMS 0x0000000708600000, 0x0000000708600000| Untracked 
|  62|0x0000000708800000, 0x0000000708800000, 0x0000000708a00000|  0%| F|  |TAMS 0x0000000708800000, 0x0000000708800000| Untracked 
|  63|0x0000000708a00000, 0x0000000708a00000, 0x0000000708c00000|  0%| F|  |TAMS 0x0000000708a00000, 0x0000000708a00000| Untracked 
|  64|0x0000000708c00000, 0x0000000708c00000, 0x0000000708e00000|  0%| F|  |TAMS 0x0000000708c00000, 0x0000000708c00000| Untracked 
|  65|0x0000000708e00000, 0x0000000708e00000, 0x0000000709000000|  0%| F|  |TAMS 0x0000000708e00000, 0x0000000708e00000| Untracked 
|  66|0x0000000709000000, 0x0000000709000000, 0x0000000709200000|  0%| F|  |TAMS 0x0000000709000000, 0x0000000709000000| Untracked 
|  67|0x0000000709200000, 0x0000000709200000, 0x0000000709400000|  0%| F|  |TAMS 0x0000000709200000, 0x0000000709200000| Untracked 
|  68|0x0000000709400000, 0x0000000709400000, 0x0000000709600000|  0%| F|  |TAMS 0x0000000709400000, 0x0000000709400000| Untracked 
|  69|0x0000000709600000, 0x0000000709600000, 0x0000000709800000|  0%| F|  |TAMS 0x0000000709600000, 0x0000000709600000| Untracked 
|  70|0x0000000709800000, 0x0000000709800000, 0x0000000709a00000|  0%| F|  |TAMS 0x0000000709800000, 0x0000000709800000| Untracked 
|  71|0x0000000709a00000, 0x0000000709a00000, 0x0000000709c00000|  0%| F|  |TAMS 0x0000000709a00000, 0x0000000709a00000| Untracked 
|  72|0x0000000709c00000, 0x0000000709c00000, 0x0000000709e00000|  0%| F|  |TAMS 0x0000000709c00000, 0x0000000709c00000| Untracked 
|  73|0x0000000709e00000, 0x0000000709e00000, 0x000000070a000000|  0%| F|  |TAMS 0x0000000709e00000, 0x0000000709e00000| Untracked 
|  74|0x000000070a000000, 0x000000070a000000, 0x000000070a200000|  0%| F|  |TAMS 0x000000070a000000, 0x000000070a000000| Untracked 
|  75|0x000000070a200000, 0x000000070a200000, 0x000000070a400000|  0%| F|  |TAMS 0x000000070a200000, 0x000000070a200000| Untracked 
|  76|0x000000070a400000, 0x000000070a400000, 0x000000070a600000|  0%| F|  |TAMS 0x000000070a400000, 0x000000070a400000| Untracked 
|  77|0x000000070a600000, 0x000000070a600000, 0x000000070a800000|  0%| F|  |TAMS 0x000000070a600000, 0x000000070a600000| Untracked 
|  78|0x000000070a800000, 0x000000070a800000, 0x000000070aa00000|  0%| F|  |TAMS 0x000000070a800000, 0x000000070a800000| Untracked 
|  79|0x000000070aa00000, 0x000000070aa00000, 0x000000070ac00000|  0%| F|  |TAMS 0x000000070aa00000, 0x000000070aa00000| Untracked 
|  80|0x000000070ac00000, 0x000000070ac00000, 0x000000070ae00000|  0%| F|  |TAMS 0x000000070ac00000, 0x000000070ac00000| Untracked 
|  81|0x000000070ae00000, 0x000000070ae00000, 0x000000070b000000|  0%| F|  |TAMS 0x000000070ae00000, 0x000000070ae00000| Untracked 
|  82|0x000000070b000000, 0x000000070b000000, 0x000000070b200000|  0%| F|  |TAMS 0x000000070b000000, 0x000000070b000000| Untracked 
|  83|0x000000070b200000, 0x000000070b200000, 0x000000070b400000|  0%| F|  |TAMS 0x000000070b200000, 0x000000070b200000| Untracked 
|  84|0x000000070b400000, 0x000000070b400000, 0x000000070b600000|  0%| F|  |TAMS 0x000000070b400000, 0x000000070b400000| Untracked 
|  85|0x000000070b600000, 0x000000070b600000, 0x000000070b800000|  0%| F|  |TAMS 0x000000070b600000, 0x000000070b600000| Untracked 
|  86|0x000000070b800000, 0x000000070b800000, 0x000000070ba00000|  0%| F|  |TAMS 0x000000070b800000, 0x000000070b800000| Untracked 
|  87|0x000000070ba00000, 0x000000070ba00000, 0x000000070bc00000|  0%| F|  |TAMS 0x000000070ba00000, 0x000000070ba00000| Untracked 
|  88|0x000000070bc00000, 0x000000070bc00000, 0x000000070be00000|  0%| F|  |TAMS 0x000000070bc00000, 0x000000070bc00000| Untracked 
|  89|0x000000070be00000, 0x000000070be00000, 0x000000070c000000|  0%| F|  |TAMS 0x000000070be00000, 0x000000070be00000| Untracked 
|  90|0x000000070c000000, 0x000000070c000000, 0x000000070c200000|  0%| F|  |TAMS 0x000000070c000000, 0x000000070c000000| Untracked 
|  91|0x000000070c200000, 0x000000070c200000, 0x000000070c400000|  0%| F|  |TAMS 0x000000070c200000, 0x000000070c200000| Untracked 
|  92|0x000000070c400000, 0x000000070c400000, 0x000000070c600000|  0%| F|  |TAMS 0x000000070c400000, 0x000000070c400000| Untracked 
|  93|0x000000070c600000, 0x000000070c600000, 0x000000070c800000|  0%| F|  |TAMS 0x000000070c600000, 0x000000070c600000| Untracked 
|  94|0x000000070c800000, 0x000000070c800000, 0x000000070ca00000|  0%| F|  |TAMS 0x000000070c800000, 0x000000070c800000| Untracked 
|  95|0x000000070ca00000, 0x000000070ca00000, 0x000000070cc00000|  0%| F|  |TAMS 0x000000070ca00000, 0x000000070ca00000| Untracked 
|  96|0x000000070cc00000, 0x000000070cc00000, 0x000000070ce00000|  0%| F|  |TAMS 0x000000070cc00000, 0x000000070cc00000| Untracked 
|  97|0x000000070ce00000, 0x000000070ce00000, 0x000000070d000000|  0%| F|  |TAMS 0x000000070ce00000, 0x000000070ce00000| Untracked 
|  98|0x000000070d000000, 0x000000070d000000, 0x000000070d200000|  0%| F|  |TAMS 0x000000070d000000, 0x000000070d000000| Untracked 
|  99|0x000000070d200000, 0x000000070d200000, 0x000000070d400000|  0%| F|  |TAMS 0x000000070d200000, 0x000000070d200000| Untracked 
| 100|0x000000070d400000, 0x000000070d400000, 0x000000070d600000|  0%| F|  |TAMS 0x000000070d400000, 0x000000070d400000| Untracked 
| 101|0x000000070d600000, 0x000000070d600000, 0x000000070d800000|  0%| F|  |TAMS 0x000000070d600000, 0x000000070d600000| Untracked 
| 102|0x000000070d800000, 0x000000070d800000, 0x000000070da00000|  0%| F|  |TAMS 0x000000070d800000, 0x000000070d800000| Untracked 
| 103|0x000000070da00000, 0x000000070da00000, 0x000000070dc00000|  0%| F|  |TAMS 0x000000070da00000, 0x000000070da00000| Untracked 
| 104|0x000000070dc00000, 0x000000070dc00000, 0x000000070de00000|  0%| F|  |TAMS 0x000000070dc00000, 0x000000070dc00000| Untracked 
| 105|0x000000070de00000, 0x000000070de00000, 0x000000070e000000|  0%| F|  |TAMS 0x000000070de00000, 0x000000070de00000| Untracked 
| 106|0x000000070e000000, 0x000000070e000000, 0x000000070e200000|  0%| F|  |TAMS 0x000000070e000000, 0x000000070e000000| Untracked 
| 107|0x000000070e200000, 0x000000070e200000, 0x000000070e400000|  0%| F|  |TAMS 0x000000070e200000, 0x000000070e200000| Untracked 
| 108|0x000000070e400000, 0x000000070e400000, 0x000000070e600000|  0%| F|  |TAMS 0x000000070e400000, 0x000000070e400000| Untracked 
| 109|0x000000070e600000, 0x000000070e600000, 0x000000070e800000|  0%| F|  |TAMS 0x000000070e600000, 0x000000070e600000| Untracked 
| 110|0x000000070e800000, 0x000000070e800000, 0x000000070ea00000|  0%| F|  |TAMS 0x000000070e800000, 0x000000070e800000| Untracked 
| 111|0x000000070ea00000, 0x000000070ea00000, 0x000000070ec00000|  0%| F|  |TAMS 0x000000070ea00000, 0x000000070ea00000| Untracked 
| 112|0x000000070ec00000, 0x000000070ec00000, 0x000000070ee00000|  0%| F|  |TAMS 0x000000070ec00000, 0x000000070ec00000| Untracked 
| 113|0x000000070ee00000, 0x000000070ee00000, 0x000000070f000000|  0%| F|  |TAMS 0x000000070ee00000, 0x000000070ee00000| Untracked 
| 114|0x000000070f000000, 0x000000070f000000, 0x000000070f200000|  0%| F|  |TAMS 0x000000070f000000, 0x000000070f000000| Untracked 
| 115|0x000000070f200000, 0x000000070f200000, 0x000000070f400000|  0%| F|  |TAMS 0x000000070f200000, 0x000000070f200000| Untracked 
| 116|0x000000070f400000, 0x000000070f400000, 0x000000070f600000|  0%| F|  |TAMS 0x000000070f400000, 0x000000070f400000| Untracked 
| 117|0x000000070f600000, 0x000000070f600000, 0x000000070f800000|  0%| F|  |TAMS 0x000000070f600000, 0x000000070f600000| Untracked 
| 118|0x000000070f800000, 0x000000070f800000, 0x000000070fa00000|  0%| F|  |TAMS 0x000000070f800000, 0x000000070f800000| Untracked 
| 119|0x000000070fa00000, 0x000000070fa00000, 0x000000070fc00000|  0%| F|  |TAMS 0x000000070fa00000, 0x000000070fa00000| Untracked 
| 120|0x000000070fc00000, 0x000000070fce2090, 0x000000070fe00000| 44%| E|  |TAMS 0x000000070fc00000, 0x000000070fc00000| Complete 
| 121|0x000000070fe00000, 0x0000000710000000, 0x0000000710000000|100%| E|CS|TAMS 0x000000070fe00000, 0x000000070fe00000| Complete 
| 122|0x0000000710000000, 0x0000000710200000, 0x0000000710200000|100%| E|CS|TAMS 0x0000000710000000, 0x0000000710000000| Complete 
| 123|0x0000000710200000, 0x0000000710400000, 0x0000000710400000|100%| E|CS|TAMS 0x0000000710200000, 0x0000000710200000| Complete 
| 124|0x0000000710400000, 0x0000000710600000, 0x0000000710600000|100%| E|CS|TAMS 0x0000000710400000, 0x0000000710400000| Complete 
| 125|0x0000000710600000, 0x0000000710800000, 0x0000000710800000|100%| E|CS|TAMS 0x0000000710600000, 0x0000000710600000| Complete 
| 126|0x0000000710800000, 0x0000000710a00000, 0x0000000710a00000|100%| E|CS|TAMS 0x0000000710800000, 0x0000000710800000| Complete 
| 127|0x0000000710a00000, 0x0000000710c00000, 0x0000000710c00000|100%| E|CS|TAMS 0x0000000710a00000, 0x0000000710a00000| Complete 

Card table byte_map: [0x0000023b314a0000,0x0000023b31ca0000] _byte_map_base: 0x0000023b2dc9a000

Marking Bits (Prev, Next): (CMBitMap*) 0x0000023b1dd76a90, (CMBitMap*) 0x0000023b1dd76ad0
 Prev Bits: [0x0000023b324a0000, 0x0000023b36470000)
 Next Bits: [0x0000023b36470000, 0x0000023b3a440000)

Polling page: 0x0000023b1d500000

Metaspace:

Usage:
  Non-class:     10.69 MB capacity,    10.64 MB (>99%) used,    43.32 KB ( <1%) free+waste,    13.31 KB ( <1%) overhead. 
      Class:      1.12 MB capacity,     1.05 MB ( 94%) used,    67.28 KB (  6%) free+waste,     4.62 KB ( <1%) overhead. 
       Both:     11.81 MB capacity,    11.69 MB ( 99%) used,   110.60 KB ( <1%) free+waste,    17.94 KB ( <1%) overhead. 

Virtual space:
  Non-class space:       12.00 MB reserved,      10.75 MB ( 90%) committed 
      Class space:        1.00 GB reserved,       1.12 MB ( <1%) committed 
             Both:        1.01 GB reserved,      11.88 MB (  1%) committed 

Chunk freelists:
   Non-Class:  0 bytes
       Class:  5.00 KB
        Both:  5.00 KB

MaxMetaspaceSize: 17179869184.00 GB
CompressedClassSpaceSize: 1.00 GB

CodeHeap 'non-profiled nmethods': size=120000Kb used=328Kb max_used=328Kb free=119671Kb
 bounds [0x0000023b29210000, 0x0000023b29480000, 0x0000023b30740000]
CodeHeap 'profiled nmethods': size=120000Kb used=1575Kb max_used=1575Kb free=118424Kb
 bounds [0x0000023b21ce0000, 0x0000023b21f50000, 0x0000023b29210000]
CodeHeap 'non-nmethods': size=5760Kb used=1243Kb max_used=1257Kb free=4516Kb
 bounds [0x0000023b21740000, 0x0000023b219b0000, 0x0000023b21ce0000]
 total_blobs=1344 nmethods=933 adapters=324
 compilation: enabled
              stopped_count=0, restarted_count=0
 full_count=0

Compilation events (20 events):
Event: 5.397 Thread 0x0000023b3d9c4310 nmethod 920 0x0000023b29261390 code [0x0000023b29261500, 0x0000023b29261618]
Event: 5.397 Thread 0x0000023b3d9cece0 nmethod 909 0x0000023b21e61a90 code [0x0000023b21e61dc0, 0x0000023b21e63358]
Event: 5.397 Thread 0x0000023b3d9cece0  925       3       java.lang.invoke.LambdaForm$NamedFunction::methodType (23 bytes)
Event: 5.397 Thread 0x0000023b3d9cece0 nmethod 925 0x0000023b21e63a90 code [0x0000023b21e63c40, 0x0000023b21e63e88]
Event: 5.397 Thread 0x0000023b3d9cece0  907       3       sun.invoke.util.VerifyType::isNullType (18 bytes)
Event: 5.397 Thread 0x0000023b3d9cece0 nmethod 907 0x0000023b21e63f90 code [0x0000023b21e64120, 0x0000023b21e642b8]
Event: 5.397 Thread 0x0000023b3d9cece0  919       3       java.lang.invoke.MemberName::getInvocationType (56 bytes)
Event: 5.398 Thread 0x0000023b3d9cece0 nmethod 919 0x0000023b21e64390 code [0x0000023b21e645c0, 0x0000023b21e64ec8]
Event: 5.398 Thread 0x0000023b3d9cece0  911       3       jdk.internal.org.objectweb.asm.Frame::pop (53 bytes)
Event: 5.398 Thread 0x0000023b3d9cece0 nmethod 911 0x0000023b21e65190 code [0x0000023b21e653e0, 0x0000023b21e65b38]
Event: 5.398 Thread 0x0000023b3d9cece0  918       3       jdk.internal.org.objectweb.asm.SymbolTable::addConstantMethodref (24 bytes)
Event: 5.398 Thread 0x0000023b3d9cece0 nmethod 918 0x0000023b21e65e90 code [0x0000023b21e66040, 0x0000023b21e66208]
Event: 5.398 Thread 0x0000023b3d9cece0  928       3       java.lang.invoke.LambdaForm::parameter (52 bytes)
Event: 5.398 Thread 0x0000023b3d9cece0 nmethod 928 0x0000023b21e66310 code [0x0000023b21e664a0, 0x0000023b21e665f8]
Event: 5.398 Thread 0x0000023b3d9cece0  926       3       java.lang.invoke.MemberName::checkForTypeAlias (172 bytes)
Event: 5.399 Thread 0x0000023b3d9cece0 nmethod 926 0x0000023b21e66690 code [0x0000023b21e66b00, 0x0000023b21e689d8]
Event: 5.399 Thread 0x0000023b3d9cece0  930       3       java.lang.invoke.MethodType::toMethodDescriptorString (28 bytes)
Event: 5.399 Thread 0x0000023b3d9cece0 nmethod 930 0x0000023b21e69390 code [0x0000023b21e69540, 0x0000023b21e69728]
Event: 5.399 Thread 0x0000023b3d9cece0  933       3       java.lang.invoke.MemberName::isMethod (8 bytes)
Event: 5.399 Thread 0x0000023b3d9cece0 nmethod 933 0x0000023b21e69810 code [0x0000023b21e699c0, 0x0000023b21e69bf8]

GC Heap History (0 events):
No events

Deoptimization events (20 events):
Event: 0.382 Thread 0x0000023b1dd25920 DEOPT PACKING pc=0x0000023b21d495ed sp=0x0000007c287f9c30
Event: 0.382 Thread 0x0000023b1dd25920 DEOPT UNPACKING pc=0x0000023b2178e23f sp=0x0000007c287f9090 mode 0
Event: 0.382 Thread 0x0000023b1dd25920 DEOPT PACKING pc=0x0000023b21d1a7d0 sp=0x0000007c287f9c00
Event: 0.382 Thread 0x0000023b1dd25920 DEOPT UNPACKING pc=0x0000023b2178e23f sp=0x0000007c287f9088 mode 0
Event: 0.383 Thread 0x0000023b1dd25920 DEOPT PACKING pc=0x0000023b21d1a7d0 sp=0x0000007c287f9c00
Event: 0.383 Thread 0x0000023b1dd25920 DEOPT UNPACKING pc=0x0000023b2178e23f sp=0x0000007c287f9088 mode 0
Event: 0.383 Thread 0x0000023b1dd25920 DEOPT PACKING pc=0x0000023b21d1a7d0 sp=0x0000007c287f9c00
Event: 0.383 Thread 0x0000023b1dd25920 DEOPT UNPACKING pc=0x0000023b2178e23f sp=0x0000007c287f9088 mode 0
Event: 0.383 Thread 0x0000023b1dd25920 DEOPT PACKING pc=0x0000023b21d1a7d0 sp=0x0000007c287f9c00
Event: 0.383 Thread 0x0000023b1dd25920 DEOPT UNPACKING pc=0x0000023b2178e23f sp=0x0000007c287f9088 mode 0
Event: 0.408 Thread 0x0000023b1dd25920 DEOPT PACKING pc=0x0000023b21d66873 sp=0x0000007c287fdfd0
Event: 0.408 Thread 0x0000023b1dd25920 DEOPT UNPACKING pc=0x0000023b2178e23f sp=0x0000007c287fd430 mode 0
Event: 0.424 Thread 0x0000023b1dd25920 Uncommon trap: trap_request=0xffffff45 fr.pc=0x0000023b2923f130 relative=0x0000000000000af0
Event: 0.424 Thread 0x0000023b1dd25920 Uncommon trap: reason=unstable_if action=reinterpret pc=0x0000023b2923f130 method=java.lang.String.<init>([CIILjava/lang/Void;)V @ 5 c2
Event: 0.424 Thread 0x0000023b1dd25920 DEOPT PACKING pc=0x0000023b2923f130 sp=0x0000007c287fc400
Event: 0.424 Thread 0x0000023b1dd25920 DEOPT UNPACKING pc=0x0000023b2178e42f sp=0x0000007c287fc2e0 mode 2
Event: 0.445 Thread 0x0000023b1dd25920 Uncommon trap: trap_request=0xffffff45 fr.pc=0x0000023b2923a080 relative=0x0000000000000160
Event: 0.445 Thread 0x0000023b1dd25920 Uncommon trap: reason=unstable_if action=reinterpret pc=0x0000023b2923a080 method=java.math.BigInteger.addOne([IIII)I @ 55 c2
Event: 0.445 Thread 0x0000023b1dd25920 DEOPT PACKING pc=0x0000023b2923a080 sp=0x0000007c287f7cf0
Event: 0.445 Thread 0x0000023b1dd25920 DEOPT UNPACKING pc=0x0000023b2178e42f sp=0x0000007c287f7ca0 mode 2

Classes unloaded (0 events):
No events

Classes redefined (4 events):
Event: 28.852 Thread 0x0000023b3d964f70 redefined class name=tests.StudentTests, count=1
Event: 57.462 Thread 0x0000023b3d964f70 redefined class name=tests.StudentTests, count=2
Event: 126.490 Thread 0x0000023b3d964f70 redefined class name=tests.StudentTests, count=3
Event: 149.817 Thread 0x0000023b3d964f70 redefined class name=tests.StudentTests, count=4

Internal exceptions (11 events):
Event: 0.236 Thread 0x0000023b1dd25920 Exception <a 'java/lang/NoSuchMethodError'{0x0000000710873350}: 'void java.lang.invoke.DirectMethodHandle$Holder.invokeStatic(java.lang.Object, java.lang.Object)'> (0x0000000710873350) 
thrown [./open/src/hotspot/share/interpreter/linkResolver.cpp, line 782]
Event: 0.236 Thread 0x0000023b1dd25920 Exception <a 'java/lang/NoSuchMethodError'{0x0000000710876ff8}: 'void java.lang.invoke.DirectMethodHandle$Holder.invokeStaticInit(java.lang.Object, java.lang.Object)'> (0x0000000710876ff8) 
thrown [./open/src/hotspot/share/interpreter/linkResolver.cpp, line 782]
Event: 0.317 Thread 0x0000023b1dd25920 Exception <a 'java/lang/NoSuchMethodError'{0x000000071065c568}: 'java.lang.Object java.lang.invoke.DirectMethodHandle$Holder.invokeStatic(java.lang.Object)'> (0x000000071065c568) 
thrown [./open/src/hotspot/share/interpreter/linkResolver.cpp, line 782]
Event: 0.398 Thread 0x0000023b1dd25920 Exception <a 'java/lang/NoSuchMethodError'{0x0000000710556328}: 'java.lang.Object java.lang.invoke.DirectMethodHandle$Holder.invokeStaticInit(java.lang.Object)'> (0x0000000710556328) 
thrown [./open/src/hotspot/share/interpreter/linkResolver.cpp, line 782]
Event: 0.463 Thread 0x0000023b1dd25920 Exception <a 'java/lang/NoSuchMethodError'{0x0000000710140010}: 'java.lang.Object java.lang.invoke.DirectMethodHandle$Holder.invokeInterface(java.lang.Object, java.lang.Object)'> (0x0000000710140010) 
thrown [./open/src/hotspot/share/interpreter/linkResolver.cpp, line 782]
Event: 0.464 Thread 0x0000023b1dd25920 Exception <a 'java/lang/IncompatibleClassChangeError'{0x0000000710143a08}: Found class java.lang.Object, but interface was expected> (0x0000000710143a08) 
thrown [./open/src/hotspot/share/interpreter/linkResolver.cpp, line 848]
Event: 0.476 Thread 0x0000023b1dd25920 Exception <a 'java/lang/NoSuchMethodError'{0x000000070fe055a8}: 'java.lang.Object java.lang.invoke.DirectMethodHandle$Holder.newInvokeSpecial(java.lang.Object, java.lang.Object, java.lang.Object, java.lang.Object, java.lang.Object)'> (0x000000070fe055a8) 
thrown [./open/src/hotspot/share/interpreter/linkResolver.cpp, line 782]
Event: 0.507 Thread 0x0000023b1dd25920 Exception <a 'java/lang/ClassNotFoundException'{0x000000070fffb908}: sun/awt/resources/spi/awtProvider> (0x000000070fffb908) 
thrown [./open/src/hotspot/share/classfile/systemDictionary.cpp, line 295]
Event: 0.518 Thread 0x0000023b1dd25920 Exception <a 'java/io/FileNotFoundException'{0x000000070fc561f8}> (0x000000070fc561f8) 
thrown [./open/src/hotspot/share/prims/jni.cpp, line 578]
Event: 0.523 Thread 0x0000023b1dd25920 Exception <a 'java/io/FileNotFoundException'{0x000000070fc871f0}> (0x000000070fc871f0) 
thrown [./open/src/hotspot/share/prims/jni.cpp, line 578]
Event: 153.044 Thread 0x0000023b3dc0f730 Exception <a 'java/lang/LinkageError'{0x0000000710be0750}> (0x0000000710be0750) 
thrown [./open/src/hotspot/share/oops/generateOopMap.cpp, line 2137]

Events (20 events):
Event: 126.497 Executing VM operation: GetFrameCount
Event: 126.497 Executing VM operation: GetFrameCount done
Event: 126.498 Executing VM operation: GetStackTrace
Event: 126.498 Executing VM operation: GetStackTrace done
Event: 126.563 Executing VM operation: GetFrameCount
Event: 126.563 Executing VM operation: GetFrameCount done
Event: 149.816 Executing VM operation: RedefineClasses
Event: 149.819 Executing VM operation: RedefineClasses done
Event: 149.821 Executing VM operation: ChangeBreakpoints
Event: 149.821 Executing VM operation: ChangeBreakpoints done
Event: 149.822 Executing VM operation: GetFrameCount
Event: 149.822 Executing VM operation: GetFrameCount done
Event: 149.822 Executing VM operation: GetStackTrace
Event: 149.822 Executing VM operation: GetStackTrace done
Event: 149.865 Executing VM operation: GetFrameCount
Event: 149.865 Executing VM operation: GetFrameCount done
Event: 152.997 Executing VM operation: GetFrameCount
Event: 152.997 Executing VM operation: GetFrameCount done
Event: 153.043 Executing VM operation: GetFrameLocation
Event: 153.044 Executing VM operation: GetFrameLocation done


Dynamic libraries:
0x00007ff79b2b0000 - 0x00007ff79b2bd000 	C:\Users\ccary\.p2\pool\plugins\org.eclipse.justj.openjdk.hotspot.jre.full.win32.x86_64_15.0.1.v20201027-0507\jre\bin\javaw.exe
0x00007ff8f5490000 - 0x00007ff8f5686000 	C:\WINDOWS\SYSTEM32\ntdll.dll
0x00007ff8f36e0000 - 0x00007ff8f379d000 	C:\WINDOWS\System32\KERNEL32.DLL
0x00007ff8f2ec0000 - 0x00007ff8f3189000 	C:\WINDOWS\System32\KERNELBASE.dll
0x00007ff8f3370000 - 0x00007ff8f3470000 	C:\WINDOWS\System32\ucrtbase.dll
0x00007ff8ecb10000 - 0x00007ff8ecb29000 	C:\Users\ccary\.p2\pool\plugins\org.eclipse.justj.openjdk.hotspot.jre.full.win32.x86_64_15.0.1.v20201027-0507\jre\bin\VCRUNTIME140.dll
0x00007ff8ecbb0000 - 0x00007ff8ecbc8000 	C:\Users\ccary\.p2\pool\plugins\org.eclipse.justj.openjdk.hotspot.jre.full.win32.x86_64_15.0.1.v20201027-0507\jre\bin\jli.dll
0x00007ff8f52b0000 - 0x00007ff8f5450000 	C:\WINDOWS\System32\USER32.dll
0x00007ff8de050000 - 0x00007ff8de2eb000 	C:\WINDOWS\WinSxS\amd64_microsoft.windows.common-controls_6595b64144ccf1df_6.0.19041.746_none_ca02b4b61b8320a4\COMCTL32.dll
0x00007ff8f32f0000 - 0x00007ff8f3312000 	C:\WINDOWS\System32\win32u.dll
0x00007ff8f4300000 - 0x00007ff8f439e000 	C:\WINDOWS\System32\msvcrt.dll
0x00007ff8f3930000 - 0x00007ff8f395a000 	C:\WINDOWS\System32\GDI32.dll
0x00007ff8f2c00000 - 0x00007ff8f2d0b000 	C:\WINDOWS\System32\gdi32full.dll
0x00007ff8f2d10000 - 0x00007ff8f2dad000 	C:\WINDOWS\System32\msvcp_win.dll
0x00007ff8f36b0000 - 0x00007ff8f36e0000 	C:\WINDOWS\System32\IMM32.DLL
0x00007ff8eda40000 - 0x00007ff8eda4c000 	C:\Users\ccary\.p2\pool\plugins\org.eclipse.justj.openjdk.hotspot.jre.full.win32.x86_64_15.0.1.v20201027-0507\jre\bin\vcruntime140_1.dll
0x00007ff8d1730000 - 0x00007ff8d17c1000 	C:\Users\ccary\.p2\pool\plugins\org.eclipse.justj.openjdk.hotspot.jre.full.win32.x86_64_15.0.1.v20201027-0507\jre\bin\msvcp140.dll
0x00007ff89e2d0000 - 0x00007ff89ee2e000 	C:\Users\ccary\.p2\pool\plugins\org.eclipse.justj.openjdk.hotspot.jre.full.win32.x86_64_15.0.1.v20201027-0507\jre\bin\server\jvm.dll
0x00007ff8f4870000 - 0x00007ff8f491c000 	C:\WINDOWS\System32\ADVAPI32.dll
0x00007ff8f3a40000 - 0x00007ff8f3adc000 	C:\WINDOWS\System32\sechost.dll
0x00007ff8f49b0000 - 0x00007ff8f4adb000 	C:\WINDOWS\System32\RPCRT4.dll
0x00007ff8f34f0000 - 0x00007ff8f34f8000 	C:\WINDOWS\System32\PSAPI.DLL
0x00007ff8e0c60000 - 0x00007ff8e0c87000 	C:\WINDOWS\SYSTEM32\WINMM.dll
0x00007ff8ea930000 - 0x00007ff8ea93a000 	C:\WINDOWS\SYSTEM32\VERSION.dll
0x00007ff8dcb50000 - 0x00007ff8dcb59000 	C:\WINDOWS\SYSTEM32\WSOCK32.dll
0x00007ff8f3ae0000 - 0x00007ff8f3b4b000 	C:\WINDOWS\System32\WS2_32.dll
0x00007ff8f0b40000 - 0x00007ff8f0b52000 	C:\WINDOWS\SYSTEM32\kernel.appcore.dll
0x00007ff8eae70000 - 0x00007ff8eae7a000 	C:\Users\ccary\.p2\pool\plugins\org.eclipse.justj.openjdk.hotspot.jre.full.win32.x86_64_15.0.1.v20201027-0507\jre\bin\jimage.dll
0x00007ff8d4af0000 - 0x00007ff8d4cd4000 	C:\WINDOWS\SYSTEM32\DBGHELP.DLL
0x00007ff8d3ed0000 - 0x00007ff8d3efc000 	C:\WINDOWS\SYSTEM32\dbgcore.DLL
0x00007ff8f3470000 - 0x00007ff8f34f0000 	C:\WINDOWS\System32\bcryptPrimitives.dll
0x00007ff8eb7c0000 - 0x00007ff8eb7f9000 	C:\Users\ccary\.p2\pool\plugins\org.eclipse.justj.openjdk.hotspot.jre.full.win32.x86_64_15.0.1.v20201027-0507\jre\bin\jdwp.dll
0x00007ff8ed5c0000 - 0x00007ff8ed5ce000 	C:\Users\ccary\.p2\pool\plugins\org.eclipse.justj.openjdk.hotspot.jre.full.win32.x86_64_15.0.1.v20201027-0507\jre\bin\instrument.dll
0x00007ff8e7930000 - 0x00007ff8e7955000 	C:\Users\ccary\.p2\pool\plugins\org.eclipse.justj.openjdk.hotspot.jre.full.win32.x86_64_15.0.1.v20201027-0507\jre\bin\java.dll
0x00007ff8ea960000 - 0x00007ff8ea978000 	C:\Users\ccary\.p2\pool\plugins\org.eclipse.justj.openjdk.hotspot.jre.full.win32.x86_64_15.0.1.v20201027-0507\jre\bin\zip.dll
0x00007ff8f3b50000 - 0x00007ff8f4292000 	C:\WINDOWS\System32\SHELL32.dll
0x00007ff8f0d40000 - 0x00007ff8f14d0000 	C:\WINDOWS\SYSTEM32\windows.storage.dll
0x00007ff8f4b60000 - 0x00007ff8f4eb6000 	C:\WINDOWS\System32\combase.dll
0x00007ff8f2630000 - 0x00007ff8f265c000 	C:\WINDOWS\SYSTEM32\Wldp.dll
0x00007ff8f4ec0000 - 0x00007ff8f4f6e000 	C:\WINDOWS\System32\SHCORE.dll
0x00007ff8f43a0000 - 0x00007ff8f43f5000 	C:\WINDOWS\System32\shlwapi.dll
0x00007ff8f2b00000 - 0x00007ff8f2b26000 	C:\WINDOWS\SYSTEM32\profapi.dll
0x00007ff8ed270000 - 0x00007ff8ed27b000 	C:\Users\ccary\.p2\pool\plugins\org.eclipse.justj.openjdk.hotspot.jre.full.win32.x86_64_15.0.1.v20201027-0507\jre\bin\dt_socket.dll
0x00007ff8f2050000 - 0x00007ff8f208b000 	C:\WINDOWS\SYSTEM32\IPHLPAPI.DLL
0x00007ff8f23b0000 - 0x00007ff8f241a000 	C:\WINDOWS\system32\mswsock.dll
0x00007ff8f2090000 - 0x00007ff8f215b000 	C:\WINDOWS\SYSTEM32\DNSAPI.dll
0x00007ff8f3910000 - 0x00007ff8f3918000 	C:\WINDOWS\System32\NSI.dll
0x00007ff8dcbf0000 - 0x00007ff8dcbfa000 	C:\Windows\System32\rasadhlp.dll
0x00007ff8dcc70000 - 0x00007ff8dccef000 	C:\WINDOWS\System32\fwpuclnt.dll
0x00007ff8f2bd0000 - 0x00007ff8f2bf7000 	C:\WINDOWS\System32\bcrypt.dll
0x00007ff8e8420000 - 0x00007ff8e8439000 	C:\Users\ccary\.p2\pool\plugins\org.eclipse.justj.openjdk.hotspot.jre.full.win32.x86_64_15.0.1.v20201027-0507\jre\bin\net.dll
0x00007ff8e9b80000 - 0x00007ff8e9c80000 	C:\WINDOWS\SYSTEM32\WINHTTP.dll
0x00007ff8e6130000 - 0x00007ff8e6142000 	C:\Users\ccary\.p2\pool\plugins\org.eclipse.justj.openjdk.hotspot.jre.full.win32.x86_64_15.0.1.v20201027-0507\jre\bin\nio.dll
0x00007ff8dd8e0000 - 0x00007ff8dd8f0000 	C:\Users\ccary\.p2\pool\plugins\org.eclipse.justj.openjdk.hotspot.jre.full.win32.x86_64_15.0.1.v20201027-0507\jre\bin\verify.dll
0x00007ff8ec050000 - 0x00007ff8ec067000 	C:\WINDOWS\SYSTEM32\dhcpcsvc6.DLL
0x00007ff8ec930000 - 0x00007ff8ec94d000 	C:\WINDOWS\SYSTEM32\dhcpcsvc.DLL
0x00007ff8c5250000 - 0x00007ff8c53cf000 	C:\Users\ccary\.p2\pool\plugins\org.eclipse.justj.openjdk.hotspot.jre.full.win32.x86_64_15.0.1.v20201027-0507\jre\bin\awt.dll
0x00007ff8f4f70000 - 0x00007ff8f503d000 	C:\WINDOWS\System32\OLEAUT32.dll
0x00007ff8f0030000 - 0x00007ff8f00c0000 	C:\WINDOWS\SYSTEM32\apphelp.dll

dbghelp: loaded successfully - version: 4.0.5 - missing functions: none
symbol engine: initialized successfully - sym options: 0x614 - pdb path: .;C:\Users\ccary\.p2\pool\plugins\org.eclipse.justj.openjdk.hotspot.jre.full.win32.x86_64_15.0.1.v20201027-0507\jre\bin;C:\WINDOWS\SYSTEM32;C:\WINDOWS\WinSxS\amd64_microsoft.windows.common-controls_6595b64144ccf1df_6.0.19041.746_none_ca02b4b61b8320a4;C:\Users\ccary\.p2\pool\plugins\org.eclipse.justj.openjdk.hotspot.jre.full.win32.x86_64_15.0.1.v20201027-0507\jre\bin\server

VM Arguments:
jvm_args: -XX:+ShowCodeDetailsInExceptionMessages -agentlib:jdwp=transport=dt_socket,suspend=y,address=localhost:51430 -ea -javaagent:C:\Users\ccary\eclipse\java-2020-12\eclipse\configuration\org.eclipse.osgi\220\0\.cp\lib\javaagent-shaded.jar -Dfile.encoding=Cp1252 
java_command: org.eclipse.jdt.internal.junit.runner.RemoteTestRunner -version 3 -port 51429 -testLoaderClass org.eclipse.jdt.internal.junit4.runner.JUnit4TestLoader -loaderpluginname org.eclipse.jdt.junit4.runtime -classNames tests.StudentTests
java_class_path (initial): C:\Users\ccary\.p2\pool\plugins\org.junit_4.13.0.v20200204-1500.jar;C:\Users\ccary\.p2\pool\plugins\org.hamcrest.core_1.3.0.v20180420-1519.jar;C:\Users\ccary\Desktop\132workspace\ClearCellGame\bin;C:\Users\ccary\eclipse\java-2020-12\eclipse\configuration\org.eclipse.osgi\218\0\.cp;C:\Users\ccary\eclipse\java-2020-12\eclipse\configuration\org.eclipse.osgi\217\0\.cp
Launcher Type: SUN_STANDARD

[Global flags]
     intx CICompilerCount                          = 4                                         {product} {ergonomic}
     uint ConcGCThreads                            = 3                                         {product} {ergonomic}
     uint G1ConcRefinementThreads                  = 10                                        {product} {ergonomic}
   size_t G1HeapRegionSize                         = 2097152                                   {product} {ergonomic}
    uintx GCDrainStackTargetSize                   = 64                                        {product} {ergonomic}
   size_t InitialHeapSize                          = 268435456                                 {product} {ergonomic}
   size_t MarkStackSize                            = 4194304                                   {product} {ergonomic}
   size_t MaxHeapSize                              = 4282384384                                {product} {ergonomic}
   size_t MaxNewSize                               = 2569011200                                {product} {ergonomic}
   size_t MinHeapDeltaBytes                        = 2097152                                   {product} {ergonomic}
   size_t MinHeapSize                              = 8388608                                   {product} {ergonomic}
    uintx NonNMethodCodeHeapSize                   = 5839372                                {pd product} {ergonomic}
    uintx NonProfiledCodeHeapSize                  = 122909434                              {pd product} {ergonomic}
    uintx ProfiledCodeHeapSize                     = 122909434                              {pd product} {ergonomic}
    uintx ReservedCodeCacheSize                    = 251658240                              {pd product} {ergonomic}
     bool SegmentedCodeCache                       = true                                      {product} {ergonomic}
     bool ShowCodeDetailsInExceptionMessages       = true                                   {manageable} {command line}
   size_t SoftMaxHeapSize                          = 4282384384                             {manageable} {ergonomic}
     bool UseCompressedClassPointers               = true                                 {lp64_product} {ergonomic}
     bool UseCompressedOops                        = true                                 {lp64_product} {ergonomic}
     bool UseG1GC                                  = true                                      {product} {ergonomic}
     bool UseLargePagesIndividualAllocation        = false                                  {pd product} {ergonomic}

Logging:
Log output configuration:
 #0: stdout all=warning uptime,level,tags
 #1: stderr all=off uptime,level,tags

Environment Variables:
PATH=C:\Users\ccary\.p2\pool\plugins\org.eclipse.justj.openjdk.hotspot.jre.full.win32.x86_64_15.0.1.v20201027-0507\jre\bin;C:/Users/ccary/.p2/pool/plugins/org.eclipse.justj.openjdk.hotspot.jre.full.win32.x86_64_15.0.1.v20201027-0507/jre/bin/server;C:/Users/ccary/.p2/pool/plugins/org.eclipse.justj.openjdk.hotspot.jre.full.win32.x86_64_15.0.1.v20201027-0507/jre/bin;C:\Program Files\AdoptOpenJDK\jdk-13.0.2.8-hotspot\bin;C:\Program Files (x86)\Common Files\Oracle\Java\javapath;C:\Windows\system32;C:\Windows;C:\Windows\System32\Wbem;C:\Windows\System32\WindowsPowerShell\v1.0\;C:\Windows\System32\OpenSSH\;C:\Program Files\NVIDIA Corporation\NVIDIA NvDLISR;C:\Program Files (x86)\NVIDIA Corporation\PhysX\Common;P:\;%SystemRoot%\system32;%SystemRoot%;%SystemRoot%\System32\Wbem;%SYSTEMROOT%\System32\WindowsPowerShell\v1.0\;%SYSTEMROOT%\System32\OpenSSH\;C:\Users\ccary\AppData\Local\Microsoft\WindowsApps;;C:\Users\ccary\Desktop;
USERNAME=ccary
OS=Windows_NT
PROCESSOR_IDENTIFIER=AMD64 Family 23 Model 113 Stepping 0, AuthenticAMD



---------------  S Y S T E M  ---------------

OS:
 Windows 10 , 64 bit Build 19041 (10.0.19041.804)
OS uptime: 3 days 5:51 hours

CPU: total 12 (initial active 12) (12 cores per cpu, 2 threads per core) family 23 model 113 stepping 0 microcode 0x0, cmov, cx8, fxsr, mmx, sse, sse2, sse3, ssse3, sse4.1, sse4.2, popcnt, vzeroupper, avx, avx2, aes, clmul, 3dnowpref, lzcnt, sse4a, ht, tsc, tscinvbit, tscinv, bmi1, bmi2, adx, sha, fma, clflush, clflushopt

Memory: 4k page, system-wide physical 16333M (9032M free)
TotalPageFile size 27085M (AvailPageFile size 14576M)
current process WorkingSet (physical memory assigned to process): 62M, peak: 68M
current process commit charge ("private bytes"): 352M, peak: 358M

vm_info: OpenJDK 64-Bit Server VM (15.0.1+9-18) for windows-amd64 JRE (15.0.1+9-18), built on Sep 15 2020 14:39:31 by "mach5one" with unknown MS VC++:1925

END.
